D:\nish_test_project\sp6_bga\prj\LX25\implementation\system.ngc 1535459888
D:/nish_test_project/sp6_bga/prj/LX25/implementation/system_rs232_wrapper.ngc 1535459865
D:/nish_test_project/sp6_bga/prj/LX25/implementation/system_proc_sys_reset_0_wrapper.ngc 1535459864
D:/nish_test_project/sp6_bga/prj/LX25/implementation/system_clock_generator_0_wrapper.ngc 1535459876
D:/nish_test_project/sp6_bga/prj/LX25/implementation/system_microblaze_0_ilmb_wrapper.ngc 1535459864
D:/nish_test_project/sp6_bga/prj/LX25/implementation/system_microblaze_0_dlmb_wrapper.ngc 1535459864
D:/nish_test_project/sp6_bga/prj/LX25/implementation/system_mcb_ddr3_wrapper.ngc 1535459865
D:/nish_test_project/sp6_bga/prj/LX25/implementation/system_axi4lite_0_wrapper.ngc 1535459865
D:/nish_test_project/sp6_bga/prj/LX25/implementation/system_axi4_0_wrapper.ngc 1535459865
D:/nish_test_project/sp6_bga/prj/LX25/implementation/system_microblaze_0_wrapper.ngc 1535459864
D:/nish_test_project/sp6_bga/prj/LX25/implementation/system_microblaze_0_i_bram_ctrl_wrapper.ngc 1535459864
D:/nish_test_project/sp6_bga/prj/LX25/implementation/system_microblaze_0_d_bram_ctrl_wrapper.ngc 1535459864
D:/nish_test_project/sp6_bga/prj/LX25/implementation/system_debug_module_wrapper.ngc 1535459865
D:/nish_test_project/sp6_bga/prj/LX25/implementation/system_leds_wrapper.ngc 1535459865
D:/nish_test_project/sp6_bga/prj/LX25/implementation/system_microblaze_0_bram_block_wrapper.ngc 1535459864
OK
