D:\nish_test_project\sp6_bga\prj\LX45\implementation\system.ngc 1535454192
D:/nish_test_project/sp6_bga/prj/LX45/implementation/system_rs232_wrapper.ngc 1535454171
D:/nish_test_project/sp6_bga/prj/LX45/implementation/system_proc_sys_reset_0_wrapper.ngc 1535454171
D:/nish_test_project/sp6_bga/prj/LX45/implementation/system_clock_generator_0_wrapper.ngc 1535454180
D:/nish_test_project/sp6_bga/prj/LX45/implementation/system_microblaze_0_ilmb_wrapper.ngc 1535454171
D:/nish_test_project/sp6_bga/prj/LX45/implementation/system_microblaze_0_dlmb_wrapper.ngc 1535454171
D:/nish_test_project/sp6_bga/prj/LX45/implementation/system_mcb_ddr3_wrapper.ngc 1535454172
D:/nish_test_project/sp6_bga/prj/LX45/implementation/system_axi4lite_0_wrapper.ngc 1535454171
D:/nish_test_project/sp6_bga/prj/LX45/implementation/system_axi4_0_wrapper.ngc 1535454171
D:/nish_test_project/sp6_bga/prj/LX45/implementation/system_microblaze_0_wrapper.ngc 1535454171
D:/nish_test_project/sp6_bga/prj/LX45/implementation/system_microblaze_0_i_bram_ctrl_wrapper.ngc 1535454171
D:/nish_test_project/sp6_bga/prj/LX45/implementation/system_microblaze_0_d_bram_ctrl_wrapper.ngc 1535454171
D:/nish_test_project/sp6_bga/prj/LX45/implementation/system_debug_module_wrapper.ngc 1535454171
D:/nish_test_project/sp6_bga/prj/LX45/implementation/system_leds_wrapper.ngc 1535454172
D:/nish_test_project/sp6_bga/prj/LX45/implementation/system_microblaze_0_bram_block_wrapper.ngc 1535454171
OK
