18:01:07 **** Auto Build of configuration Debug for project lpddr_test ****
make all 
'Building file: ../src/memorytest.c'
'Invoking: MicroBlaze gcc compiler'
mb-gcc -Wall -O0 -g3 -c -fmessage-length=0 -I../../lpddr_test_bsp/microblaze_0/include -mlittle-endian -mxl-barrel-shift -mxl-pattern-compare -mcpu=v8.50.c -mno-xl-soft-mul -Wl,--no-relax -ffunction-sections -fdata-sections -MMD -MP -MF"src/memorytest.d" -MT"src/memorytest.d" -o "src/memorytest.o" "../src/memorytest.c"
'Finished building: ../src/memorytest.c'
' '
'Building target: lpddr_test.elf'
'Invoking: MicroBlaze gcc linker'
mb-gcc -Wl,-T -Wl,../src/lscript.ld -L../../lpddr_test_bsp/microblaze_0/lib -mlittle-endian -mxl-barrel-shift -mxl-pattern-compare -mcpu=v8.50.c -mno-xl-soft-mul -Wl,--no-relax -Wl,--gc-sections -o "lpddr_test.elf"  ./src/memory_config_g.o ./src/memorytest.o ./src/platform.o   -Wl,--start-group,-lxil,-lgcc,-lc,--end-group
'Finished building target: lpddr_test.elf'
' '
'Invoking: MicroBlaze Print Size'
mb-size lpddr_test.elf  |tee "lpddr_test.elf.size"
   text	   data	    bss	    dec	    hex	filename
   6650	    292	   1074	   8016	   1f50	lpddr_test.elf
'Finished building: lpddr_test.elf.size'
' '
'Invoking: Xilinx ELF Check'
elfcheck lpddr_test.elf -hw ../../LX45_hw_platform/system.xml -pe microblaze_0  |tee "lpddr_test.elf.elfcheck"
elfcheck
Xilinx EDK 14.7 Build EDK_P.20131013
Copyright (c) 1995-2012 Xilinx, Inc.  All rights reserved.

Command Line: elfcheck -hw ../../LX45_hw_platform/system.xml -pe microblaze_0
lpddr_test.elf 

ELF file	: lpddr_test.elf
elfcheck passed.
'Finished building: lpddr_test.elf.elfcheck'
' '

18:01:10 Build Finished (took 3s.53ms)

